['株主名', '持ち株']
['変動', '比率(%)', '株式数']
['中村慎吾', '', '21.58', '1,400,000']
['三菱瓦斯化学', '', '11.27', '731,256']
['NewLifeScience1号投資事業有限責任組合', '', '8.58', '556,444']
